// Jest Snapshot v1, https://goo.gl/fbAQLP

exports[`FooterFcaSection should render 1`] = `[Function]`;
