// Jest Snapshot v1, https://goo.gl/fbAQLP

exports[`HeaderBeehiveMenu isLoading should not render when loading 1`] = `[Function]`;
