// Jest Snapshot v1, https://goo.gl/fbAQLP

exports[`HeaderBeehiveMenu Permissions should load basic content without permissions 1`] = `[Function]`;
