// Vitest Snapshot v1, https://vitest.dev/guide/snapshot.html

exports[`FooterCredentialsSection > should render 1`] = `[Function]`;

exports[`FooterCredentialsSection should render 1`] = `[Function]`;
