// Vitest Snapshot v1, https://vitest.dev/guide/snapshot.html

exports[`DashboardLayout > should render 1`] = `[Function]`;

exports[`DashboardLayout should render 1`] = `[Function]`;
