// Vitest Snapshot v1, https://vitest.dev/guide/snapshot.html

exports[`FooterQuestionSection > should render 1`] = `[Function]`;

exports[`FooterQuestionSection should render 1`] = `[Function]`;
