// Jest Snapshot v1, https://goo.gl/fbAQLP

exports[`ToastProvider Default should render correctly 1`] = `
<DocumentFragment>
  <div
    class="Toastify"
  />
</DocumentFragment>
`;
