// Jest Snapshot v1, https://goo.gl/fbAQLP

exports[`Card Default should render correctly 1`] = `
<DocumentFragment>
  <div
    class="sc-bcXHqe iQfGuE"
  >
    Lorem ipsum dolor sit amet, consectetur adipiscing elit.
  </div>
</DocumentFragment>
`;
