// Vitest Snapshot v1, https://vitest.dev/guide/snapshot.html

exports[`HeaderMainNavbar > should render 1`] = `[Function]`;

exports[`HeaderMainNavbar should render 1`] = `[Function]`;
